
> react-kavia@0.1.0 start
> cross-env EDIT_MODE=true webpack serve --config .ve/webpack.config.js --mode development

<i> [webpack-dev-server] Project is running at:
<i> [webpack-dev-server] Loopback: http://localhost:3000/, http://[::1]:3000/
<i> [webpack-dev-server] On Your Network (IPv4): http://172.17.0.2:3000/
<i> [webpack-dev-server] Content not from webpack is served from './public' directory
Injecting EditorRootWrapper import: ../.ve/EditorRootWrapper
asset bundle.js 1.44 MiB [emitted] (name: main)
asset index.html 1.98 KiB [emitted]
runtime modules 27.5 KiB 14 modules
modules by path ./node_modules/ 1.24 MiB 31 modules
modules by path ./src/ 46.5 KiB
  modules by path ./src/*.css 7.49 KiB 4 modules
  modules by path ./src/*.js 39 KiB
    ./src/index.js 530 bytes [built] [code generated]
    + 2 modules
modules by path ./.ve/ 15.1 KiB
  modules by path ./.ve/*.js 10.6 KiB
    ./.ve/EditorRootWrapper.js 2.68 KiB [built] [code generated]
    ./.ve/SidePanel.js 7.93 KiB [built] [code generated]
  modules by path ./.ve/*.css 2.93 KiB
    ./.ve/EditorOverlay.css 2.25 KiB [built] [code generated]
    ./node_modules/css-loader/dist/cjs.js!./.ve/EditorOverlay.css 697 bytes [built] [code generated]
  ./.ve/EditorOverlay.jsx 1.58 KiB [built] [code generated]
webpack 5.99.9 compiled successfully in 1314 ms
assets by status 1.98 KiB [cached] 1 asset
assets by path *.js 1.48 MiB
  asset bundle.js 1.44 MiB [emitted] (name: main)
  asset main.f9f8c253543c309cb3c2.hot-update.js 48.1 KiB [emitted] [immutable] [hmr] (name: main)
asset main.f9f8c253543c309cb3c2.hot-update.json 28 bytes [emitted] [immutable] [hmr]
Entrypoint main 1.48 MiB = bundle.js 1.44 MiB main.f9f8c253543c309cb3c2.hot-update.js 48.1 KiB
cached modules 1.26 MiB [cached] 42 modules
runtime modules 27.5 KiB 14 modules
./src/GoalieMain.js 38.1 KiB [built] [code generated]
webpack 5.99.9 compiled successfully in 277 ms
assets by status 1.98 KiB [cached] 1 asset
assets by path *.js 1.48 MiB
  asset bundle.js 1.44 MiB [emitted] (name: main)
  asset main.fb9782b6e1f5e25f0be3.hot-update.js 48.1 KiB [emitted] [immutable] [hmr] (name: main)
asset main.fb9782b6e1f5e25f0be3.hot-update.json 28 bytes [emitted] [immutable] [hmr]
Entrypoint main 1.48 MiB = bundle.js 1.44 MiB main.fb9782b6e1f5e25f0be3.hot-update.js 48.1 KiB
cached modules 1.26 MiB [cached] 42 modules
runtime modules 27.5 KiB 14 modules
./src/GoalieMain.js 38.1 KiB [built] [code generated]
webpack 5.99.9 compiled successfully in 118 ms
assets by status 1.98 KiB [cached] 1 asset
assets by path *.js 1.49 MiB
  asset bundle.js 1.44 MiB [emitted] (name: main)
  asset main.81f6438bf060185076d5.hot-update.js 50.9 KiB [emitted] [immutable] [hmr] (name: main)
asset main.81f6438bf060185076d5.hot-update.json 28 bytes [emitted] [immutable] [hmr]
Entrypoint main 1.49 MiB = bundle.js 1.44 MiB main.81f6438bf060185076d5.hot-update.js 50.9 KiB
cached modules 1.26 MiB [cached] 42 modules
runtime modules 27.5 KiB 14 modules
./src/GoalieMain.js 40.4 KiB [built] [code generated]
webpack 5.99.9 compiled successfully in 114 ms
assets by status 1.98 KiB [cached] 1 asset
assets by path *.js 1.4 MiB
  asset bundle.js 1.39 MiB [emitted] (name: main)
  asset main.3e78c0904c9b63aafd79.hot-update.js 5.51 KiB [emitted] [immutable] [hmr] (name: main)
asset main.3e78c0904c9b63aafd79.hot-update.json 28 bytes [emitted] [immutable] [hmr]
Entrypoint main 1.4 MiB = bundle.js 1.39 MiB main.3e78c0904c9b63aafd79.hot-update.js 5.51 KiB
cached modules 1.26 MiB [cached] 41 modules
runtime modules 27.5 KiB 14 modules
javascript modules 361 bytes
  ./src/App.js 322 bytes [code generated]
  ./src/GoalieMain.js 39 bytes [built] [code generated] [1 error]

ERROR in ./src/GoalieMain.js
Module build failed (from ./node_modules/babel-loader/lib/index.js):
SyntaxError: /home/kavia/workspace/code-generation/goalsaver-60260-9d7cd147/goal_saver_frontend/src/GoalieMain.js: Identifier 'GoalList' has already been declared. (661:9)

  659 |  */
  660 | // PUBLIC_INTERFACE
> 661 | function GoalList({ goals, selectedGoalId, onSelect, onDelete, onEdit, accentColor }) {
      |          ^
  662 |   return (
  663 |     <div>
  664 |       <h3 style={{margin: "0 0 18px 0", letterSpacing: "1px", fontWeight: 600, fontSize: 20, color: COLORS.primary}}>Your Goals</h3>
    at constructor (/home/kavia/workspace/code-generation/goalsaver-60260-9d7cd147/goal_saver_frontend/node_modules/@babel/parser/lib/index.js:363:19)
    at JSXParserMixin.raise (/home/kavia/workspace/code-generation/goalsaver-60260-9d7cd147/goal_saver_frontend/node_modules/@babel/parser/lib/index.js:6609:19)
    at ScopeHandler.checkRedeclarationInScope (/home/kavia/workspace/code-generation/goalsaver-60260-9d7cd147/goal_saver_frontend/node_modules/@babel/parser/lib/index.js:1626:19)
    at ScopeHandler.declareName (/home/kavia/workspace/code-generation/goalsaver-60260-9d7cd147/goal_saver_frontend/node_modules/@babel/parser/lib/index.js:1592:12)
    at JSXParserMixin.registerFunctionStatementId (/home/kavia/workspace/code-generation/goalsaver-60260-9d7cd147/goal_saver_frontend/node_modules/@babel/parser/lib/index.js:13381:16)
    at JSXParserMixin.parseFunction (/home/kavia/workspace/code-generation/goalsaver-60260-9d7cd147/goal_saver_frontend/node_modules/@babel/parser/lib/index.js:13365:12)
    at JSXParserMixin.parseFunctionStatement (/home/kavia/workspace/code-generation/goalsaver-60260-9d7cd147/goal_saver_frontend/node_modules/@babel/parser/lib/index.js:13044:17)
    at JSXParserMixin.parseStatementContent (/home/kavia/workspace/code-generation/goalsaver-60260-9d7cd147/goal_saver_frontend/node_modules/@babel/parser/lib/index.js:12709:21)
    at JSXParserMixin.parseStatementLike (/home/kavia/workspace/code-generation/goalsaver-60260-9d7cd147/goal_saver_frontend/node_modules/@babel/parser/lib/index.js:12685:17)
    at JSXParserMixin.parseModuleItem (/home/kavia/workspace/code-generation/goalsaver-60260-9d7cd147/goal_saver_frontend/node_modules/@babel/parser/lib/index.js:12662:17)
    at JSXParserMixin.parseBlockOrModuleBlockBody (/home/kavia/workspace/code-generation/goalsaver-60260-9d7cd147/goal_saver_frontend/node_modules/@babel/parser/lib/index.js:13235:36)
    at JSXParserMixin.parseBlockBody (/home/kavia/workspace/code-generation/goalsaver-60260-9d7cd147/goal_saver_frontend/node_modules/@babel/parser/lib/index.js:13228:10)
    at JSXParserMixin.parseProgram (/home/kavia/workspace/code-generation/goalsaver-60260-9d7cd147/goal_saver_frontend/node_modules/@babel/parser/lib/index.js:12541:10)
    at JSXParserMixin.parseTopLevel (/home/kavia/workspace/code-generation/goalsaver-60260-9d7cd147/goal_saver_frontend/node_modules/@babel/parser/lib/index.js:12531:25)
    at JSXParserMixin.parse (/home/kavia/workspace/code-generation/goalsaver-60260-9d7cd147/goal_saver_frontend/node_modules/@babel/parser/lib/index.js:14410:10)
    at parse (/home/kavia/workspace/code-generation/goalsaver-60260-9d7cd147/goal_saver_frontend/node_modules/@babel/parser/lib/index.js:14444:38)
    at parser (/home/kavia/workspace/code-generation/goalsaver-60260-9d7cd147/goal_saver_frontend/node_modules/@babel/core/lib/parser/index.js:41:34)
    at parser.next (<anonymous>)
    at normalizeFile (/home/kavia/workspace/code-generation/goalsaver-60260-9d7cd147/goal_saver_frontend/node_modules/@babel/core/lib/transformation/normalize-file.js:64:37)
    at normalizeFile.next (<anonymous>)
    at run (/home/kavia/workspace/code-generation/goalsaver-60260-9d7cd147/goal_saver_frontend/node_modules/@babel/core/lib/transformation/index.js:22:50)
    at run.next (<anonymous>)
    at transform (/home/kavia/workspace/code-generation/goalsaver-60260-9d7cd147/goal_saver_frontend/node_modules/@babel/core/lib/transform.js:22:33)
    at transform.next (<anonymous>)
    at step (/home/kavia/workspace/code-generation/goalsaver-60260-9d7cd147/goal_saver_frontend/node_modules/gensync/index.js:261:32)
    at /home/kavia/workspace/code-generation/goalsaver-60260-9d7cd147/goal_saver_frontend/node_modules/gensync/index.js:273:13
    at async.call.result.err.err (/home/kavia/workspace/code-generation/goalsaver-60260-9d7cd147/goal_saver_frontend/node_modules/gensync/index.js:223:11)
 @ ./src/App.js 3:0-38 10:27-37
 @ ./src/index.js 5:0-24 11:32-35

webpack 5.99.9 compiled with 1 error in 40 ms
assets by status 1.98 KiB [cached] 1 asset
assets by path *.js 1.39 MiB
  asset bundle.js 1.39 MiB [emitted] (name: main)
  asset main.ca1555efe0853b43574a.hot-update.js 1.59 KiB [emitted] [immutable] [hmr] (name: main)
asset main.ca1555efe0853b43574a.hot-update.json 28 bytes [emitted] [immutable] [hmr]
Entrypoint main 1.39 MiB = bundle.js 1.39 MiB main.ca1555efe0853b43574a.hot-update.js 1.59 KiB
cached modules 1.26 MiB [cached] 40 modules
runtime modules 27.5 KiB 14 modules
javascript modules 2.3 KiB
  ./src/App.css 2.22 KiB [code generated]
  ./src/GoalieMain.js 39 bytes [built] [1 error]
  ./node_modules/css-loader/dist/cjs.js!./src/App.css 39 bytes [built] [code generated] [1 error]

ERROR in ./src/GoalieMain.js
Module build failed (from ./node_modules/babel-loader/lib/index.js):
SyntaxError: /home/kavia/workspace/code-generation/goalsaver-60260-9d7cd147/goal_saver_frontend/src/GoalieMain.js: Identifier 'GoalList' has already been declared. (661:9)

  659 |  */
  660 | // PUBLIC_INTERFACE
> 661 | function GoalList({ goals, selectedGoalId, onSelect, onDelete, onEdit, accentColor }) {
      |          ^
  662 |   return (
  663 |     <div>
  664 |       <h3 style={{margin: "0 0 18px 0", letterSpacing: "1px", fontWeight: 600, fontSize: 20, color: COLORS.primary}}>Your Goals</h3>
    at constructor (/home/kavia/workspace/code-generation/goalsaver-60260-9d7cd147/goal_saver_frontend/node_modules/@babel/parser/lib/index.js:363:19)
    at JSXParserMixin.raise (/home/kavia/workspace/code-generation/goalsaver-60260-9d7cd147/goal_saver_frontend/node_modules/@babel/parser/lib/index.js:6609:19)
    at ScopeHandler.checkRedeclarationInScope (/home/kavia/workspace/code-generation/goalsaver-60260-9d7cd147/goal_saver_frontend/node_modules/@babel/parser/lib/index.js:1626:19)
    at ScopeHandler.declareName (/home/kavia/workspace/code-generation/goalsaver-60260-9d7cd147/goal_saver_frontend/node_modules/@babel/parser/lib/index.js:1592:12)
    at JSXParserMixin.registerFunctionStatementId (/home/kavia/workspace/code-generation/goalsaver-60260-9d7cd147/goal_saver_frontend/node_modules/@babel/parser/lib/index.js:13381:16)
    at JSXParserMixin.parseFunction (/home/kavia/workspace/code-generation/goalsaver-60260-9d7cd147/goal_saver_frontend/node_modules/@babel/parser/lib/index.js:13365:12)
    at JSXParserMixin.parseFunctionStatement (/home/kavia/workspace/code-generation/goalsaver-60260-9d7cd147/goal_saver_frontend/node_modules/@babel/parser/lib/index.js:13044:17)
    at JSXParserMixin.parseStatementContent (/home/kavia/workspace/code-generation/goalsaver-60260-9d7cd147/goal_saver_frontend/node_modules/@babel/parser/lib/index.js:12709:21)
    at JSXParserMixin.parseStatementLike (/home/kavia/workspace/code-generation/goalsaver-60260-9d7cd147/goal_saver_frontend/node_modules/@babel/parser/lib/index.js:12685:17)
    at JSXParserMixin.parseModuleItem (/home/kavia/workspace/code-generation/goalsaver-60260-9d7cd147/goal_saver_frontend/node_modules/@babel/parser/lib/index.js:12662:17)
    at JSXParserMixin.parseBlockOrModuleBlockBody (/home/kavia/workspace/code-generation/goalsaver-60260-9d7cd147/goal_saver_frontend/node_modules/@babel/parser/lib/index.js:13235:36)
    at JSXParserMixin.parseBlockBody (/home/kavia/workspace/code-generation/goalsaver-60260-9d7cd147/goal_saver_frontend/node_modules/@babel/parser/lib/index.js:13228:10)
    at JSXParserMixin.parseProgram (/home/kavia/workspace/code-generation/goalsaver-60260-9d7cd147/goal_saver_frontend/node_modules/@babel/parser/lib/index.js:12541:10)
    at JSXParserMixin.parseTopLevel (/home/kavia/workspace/code-generation/goalsaver-60260-9d7cd147/goal_saver_frontend/node_modules/@babel/parser/lib/index.js:12531:25)
    at JSXParserMixin.parse (/home/kavia/workspace/code-generation/goalsaver-60260-9d7cd147/goal_saver_frontend/node_modules/@babel/parser/lib/index.js:14410:10)
    at parse (/home/kavia/workspace/code-generation/goalsaver-60260-9d7cd147/goal_saver_frontend/node_modules/@babel/parser/lib/index.js:14444:38)
    at parser (/home/kavia/workspace/code-generation/goalsaver-60260-9d7cd147/goal_saver_frontend/node_modules/@babel/core/lib/parser/index.js:41:34)
    at parser.next (<anonymous>)
    at normalizeFile (/home/kavia/workspace/code-generation/goalsaver-60260-9d7cd147/goal_saver_frontend/node_modules/@babel/core/lib/transformation/normalize-file.js:64:37)
    at normalizeFile.next (<anonymous>)
    at run (/home/kavia/workspace/code-generation/goalsaver-60260-9d7cd147/goal_saver_frontend/node_modules/@babel/core/lib/transformation/index.js:22:50)
    at run.next (<anonymous>)
    at transform (/home/kavia/workspace/code-generation/goalsaver-60260-9d7cd147/goal_saver_frontend/node_modules/@babel/core/lib/transform.js:22:33)
    at transform.next (<anonymous>)
    at step (/home/kavia/workspace/code-generation/goalsaver-60260-9d7cd147/goal_saver_frontend/node_modules/gensync/index.js:261:32)
    at /home/kavia/workspace/code-generation/goalsaver-60260-9d7cd147/goal_saver_frontend/node_modules/gensync/index.js:273:13
    at async.call.result.err.err (/home/kavia/workspace/code-generation/goalsaver-60260-9d7cd147/goal_saver_frontend/node_modules/gensync/index.js:223:11)
 @ ./src/App.js 3:0-38 10:27-37
 @ ./src/index.js 5:0-24 11:32-35

ERROR in ./src/App.css (./node_modules/css-loader/dist/cjs.js!./src/App.css)
Module build failed (from ./node_modules/css-loader/dist/cjs.js):

SyntaxError

(242:1) /home/kavia/workspace/code-generation/goalsaver-60260-9d7cd147/goal_saver_frontend/src/App.css Unknown word

  240 | input:-webkit-autofill { -webkit-background-clip: text; -webkit-text-fill-color: var(--text-dark); }
  241 | 
> 242 | >>>>>>> REPLACE
      | ^
  243 | 
 @ ./src/App.css 8:6-97 20:17-24 24:7-21 50:25-39 51:36-47 51:50-64 55:6-65:7 56:54-65 56:68-82 62:42-53 62:56-70 64:21-28 75:0-67 75:0-67 76:22-29 76:33-47 76:50-64 53:4-66:5
 @ ./src/App.js 2:0-19
 @ ./src/index.js 5:0-24 11:32-35

webpack 5.99.9 compiled with 2 errors in 42 ms
assets by status 1.98 KiB [cached] 1 asset
assets by path *.js 1.39 MiB
  asset bundle.js 1.39 MiB [emitted] (name: main)
  asset main.4a433c5e7457858450cb.hot-update.js 854 bytes [emitted] [immutable] [hmr] (name: main)
asset main.4a433c5e7457858450cb.hot-update.json 28 bytes [emitted] [immutable] [hmr]
Entrypoint main 1.39 MiB = bundle.js 1.39 MiB main.4a433c5e7457858450cb.hot-update.js 854 bytes
cached modules 1.26 MiB [cached] 41 modules
runtime modules 27.5 KiB 14 modules
javascript modules 78 bytes
  ./src/GoalieMain.js 39 bytes [built] [1 error]
  ./node_modules/css-loader/dist/cjs.js!./src/App.css 39 bytes [built] [1 error]

ERROR in ./src/GoalieMain.js
Module build failed (from ./node_modules/babel-loader/lib/index.js):
SyntaxError: /home/kavia/workspace/code-generation/goalsaver-60260-9d7cd147/goal_saver_frontend/src/GoalieMain.js: Unexpected token, expected "," (1:8)

> 1 | [...the existing GoalieMain.js contents, unchanged except from:]
    |         ^
  2 | // Replace the ProgressBar component (previously starting at: // PUBLIC_INTERFACE
  3 | function ProgressBar({ percent, colors }) {...}
  4 | with:
    at constructor (/home/kavia/workspace/code-generation/goalsaver-60260-9d7cd147/goal_saver_frontend/node_modules/@babel/parser/lib/index.js:363:19)
    at JSXParserMixin.raise (/home/kavia/workspace/code-generation/goalsaver-60260-9d7cd147/goal_saver_frontend/node_modules/@babel/parser/lib/index.js:6609:19)
    at JSXParserMixin.unexpected (/home/kavia/workspace/code-generation/goalsaver-60260-9d7cd147/goal_saver_frontend/node_modules/@babel/parser/lib/index.js:6629:16)
    at JSXParserMixin.expect (/home/kavia/workspace/code-generation/goalsaver-60260-9d7cd147/goal_saver_frontend/node_modules/@babel/parser/lib/index.js:6910:12)
    at JSXParserMixin.parseExprList (/home/kavia/workspace/code-generation/goalsaver-60260-9d7cd147/goal_saver_frontend/node_modules/@babel/parser/lib/index.js:12076:14)
    at JSXParserMixin.parseArrayLike (/home/kavia/workspace/code-generation/goalsaver-60260-9d7cd147/goal_saver_frontend/node_modules/@babel/parser/lib/index.js:11992:26)
    at JSXParserMixin.parseExprAtom (/home/kavia/workspace/code-generation/goalsaver-60260-9d7cd147/goal_saver_frontend/node_modules/@babel/parser/lib/index.js:11266:23)
    at JSXParserMixin.parseExprAtom (/home/kavia/workspace/code-generation/goalsaver-60260-9d7cd147/goal_saver_frontend/node_modules/@babel/parser/lib/index.js:4776:20)
    at JSXParserMixin.parseExprSubscripts (/home/kavia/workspace/code-generation/goalsaver-60260-9d7cd147/goal_saver_frontend/node_modules/@babel/parser/lib/index.js:11012:23)
    at JSXParserMixin.parseUpdate (/home/kavia/workspace/code-generation/goalsaver-60260-9d7cd147/goal_saver_frontend/node_modules/@babel/parser/lib/index.js:10997:21)
    at JSXParserMixin.parseMaybeUnary (/home/kavia/workspace/code-generation/goalsaver-60260-9d7cd147/goal_saver_frontend/node_modules/@babel/parser/lib/index.js:10977:23)
    at JSXParserMixin.parseMaybeUnaryOrPrivate (/home/kavia/workspace/code-generation/goalsaver-60260-9d7cd147/goal_saver_frontend/node_modules/@babel/parser/lib/index.js:10830:61)
    at JSXParserMixin.parseExprOps (/home/kavia/workspace/code-generation/goalsaver-60260-9d7cd147/goal_saver_frontend/node_modules/@babel/parser/lib/index.js:10835:23)
    at JSXParserMixin.parseMaybeConditional (/home/kavia/workspace/code-generation/goalsaver-60260-9d7cd147/goal_saver_frontend/node_modules/@babel/parser/lib/index.js:10812:23)
    at JSXParserMixin.parseMaybeAssign (/home/kavia/workspace/code-generation/goalsaver-60260-9d7cd147/goal_saver_frontend/node_modules/@babel/parser/lib/index.js:10765:21)
    at JSXParserMixin.parseExpressionBase (/home/kavia/workspace/code-generation/goalsaver-60260-9d7cd147/goal_saver_frontend/node_modules/@babel/parser/lib/index.js:10718:23)
    at /home/kavia/workspace/code-generation/goalsaver-60260-9d7cd147/goal_saver_frontend/node_modules/@babel/parser/lib/index.js:10714:39
    at JSXParserMixin.allowInAnd (/home/kavia/workspace/code-generation/goalsaver-60260-9d7cd147/goal_saver_frontend/node_modules/@babel/parser/lib/index.js:12356:16)
    at JSXParserMixin.parseExpression (/home/kavia/workspace/code-generation/goalsaver-60260-9d7cd147/goal_saver_frontend/node_modules/@babel/parser/lib/index.js:10714:17)
    at JSXParserMixin.parseStatementContent (/home/kavia/workspace/code-generation/goalsaver-60260-9d7cd147/goal_saver_frontend/node_modules/@babel/parser/lib/index.js:12814:23)
    at JSXParserMixin.parseStatementLike (/home/kavia/workspace/code-generation/goalsaver-60260-9d7cd147/goal_saver_frontend/node_modules/@babel/parser/lib/index.js:12685:17)
    at JSXParserMixin.parseModuleItem (/home/kavia/workspace/code-generation/goalsaver-60260-9d7cd147/goal_saver_frontend/node_modules/@babel/parser/lib/index.js:12662:17)
    at JSXParserMixin.parseBlockOrModuleBlockBody (/home/kavia/workspace/code-generation/goalsaver-60260-9d7cd147/goal_saver_frontend/node_modules/@babel/parser/lib/index.js:13235:36)
    at JSXParserMixin.parseBlockBody (/home/kavia/workspace/code-generation/goalsaver-60260-9d7cd147/goal_saver_frontend/node_modules/@babel/parser/lib/index.js:13228:10)
    at JSXParserMixin.parseProgram (/home/kavia/workspace/code-generation/goalsaver-60260-9d7cd147/goal_saver_frontend/node_modules/@babel/parser/lib/index.js:12541:10)
    at JSXParserMixin.parseTopLevel (/home/kavia/workspace/code-generation/goalsaver-60260-9d7cd147/goal_saver_frontend/node_modules/@babel/parser/lib/index.js:12531:25)
    at JSXParserMixin.parse (/home/kavia/workspace/code-generation/goalsaver-60260-9d7cd147/goal_saver_frontend/node_modules/@babel/parser/lib/index.js:14410:10)
    at parse (/home/kavia/workspace/code-generation/goalsaver-60260-9d7cd147/goal_saver_frontend/node_modules/@babel/parser/lib/index.js:14444:38)
    at parser (/home/kavia/workspace/code-generation/goalsaver-60260-9d7cd147/goal_saver_frontend/node_modules/@babel/core/lib/parser/index.js:41:34)
    at parser.next (<anonymous>)
    at normalizeFile (/home/kavia/workspace/code-generation/goalsaver-60260-9d7cd147/goal_saver_frontend/node_modules/@babel/core/lib/transformation/normalize-file.js:64:37)
    at normalizeFile.next (<anonymous>)
    at run (/home/kavia/workspace/code-generation/goalsaver-60260-9d7cd147/goal_saver_frontend/node_modules/@babel/core/lib/transformation/index.js:22:50)
    at run.next (<anonymous>)
    at transform (/home/kavia/workspace/code-generation/goalsaver-60260-9d7cd147/goal_saver_frontend/node_modules/@babel/core/lib/transform.js:22:33)
    at transform.next (<anonymous>)
    at step (/home/kavia/workspace/code-generation/goalsaver-60260-9d7cd147/goal_saver_frontend/node_modules/gensync/index.js:261:32)
    at /home/kavia/workspace/code-generation/goalsaver-60260-9d7cd147/goal_saver_frontend/node_modules/gensync/index.js:273:13
    at async.call.result.err.err (/home/kavia/workspace/code-generation/goalsaver-60260-9d7cd147/goal_saver_frontend/node_modules/gensync/index.js:223:11)
 @ ./src/App.js 3:0-38 10:27-37
 @ ./src/index.js 5:0-24 11:32-35

ERROR in ./src/App.css (./node_modules/css-loader/dist/cjs.js!./src/App.css)
Module build failed (from ./node_modules/css-loader/dist/cjs.js):

SyntaxError

(242:1) /home/kavia/workspace/code-generation/goalsaver-60260-9d7cd147/goal_saver_frontend/src/App.css Unknown word

  240 | input:-webkit-autofill { -webkit-background-clip: text; -webkit-text-fill-color: var(--text-dark); }
  241 | 
> 242 | >>>>>>> REPLACE
      | ^
  243 | 
 @ ./src/App.css 8:6-97 20:17-24 24:7-21 50:25-39 51:36-47 51:50-64 55:6-65:7 56:54-65 56:68-82 62:42-53 62:56-70 64:21-28 75:0-67 75:0-67 76:22-29 76:33-47 76:50-64 53:4-66:5
 @ ./src/App.js 2:0-19
 @ ./src/index.js 5:0-24 11:32-35

webpack 5.99.9 compiled with 2 errors in 29 ms
assets by status 1.98 KiB [cached] 1 asset
assets by path *.js 1.41 MiB
  asset bundle.js 1.4 MiB [emitted] (name: main)
  asset main.08623dc1aca1d47a1a7a.hot-update.js 8.62 KiB [emitted] [immutable] [hmr] (name: main)
asset main.08623dc1aca1d47a1a7a.hot-update.json 28 bytes [emitted] [immutable] [hmr]
Entrypoint main 1.41 MiB = bundle.js 1.4 MiB main.08623dc1aca1d47a1a7a.hot-update.js 8.62 KiB
cached modules 1.26 MiB [cached] 40 modules
runtime modules 27.5 KiB 14 modules
javascript modules 8.27 KiB
  ./src/App.css 2.22 KiB [code generated]
  ./src/GoalieMain.js 39 bytes [built] [1 error]
  ./node_modules/css-loader/dist/cjs.js!./src/App.css 6.01 KiB [built] [code generated]

ERROR in ./src/GoalieMain.js
Module build failed (from ./node_modules/babel-loader/lib/index.js):
SyntaxError: /home/kavia/workspace/code-generation/goalsaver-60260-9d7cd147/goal_saver_frontend/src/GoalieMain.js: Unexpected token, expected "," (1:8)

> 1 | [...the existing GoalieMain.js contents, unchanged except from:]
    |         ^
  2 | // Replace the ProgressBar component (previously starting at: // PUBLIC_INTERFACE
  3 | function ProgressBar({ percent, colors }) {...}
  4 | with:
    at constructor (/home/kavia/workspace/code-generation/goalsaver-60260-9d7cd147/goal_saver_frontend/node_modules/@babel/parser/lib/index.js:363:19)
    at JSXParserMixin.raise (/home/kavia/workspace/code-generation/goalsaver-60260-9d7cd147/goal_saver_frontend/node_modules/@babel/parser/lib/index.js:6609:19)
    at JSXParserMixin.unexpected (/home/kavia/workspace/code-generation/goalsaver-60260-9d7cd147/goal_saver_frontend/node_modules/@babel/parser/lib/index.js:6629:16)
    at JSXParserMixin.expect (/home/kavia/workspace/code-generation/goalsaver-60260-9d7cd147/goal_saver_frontend/node_modules/@babel/parser/lib/index.js:6910:12)
    at JSXParserMixin.parseExprList (/home/kavia/workspace/code-generation/goalsaver-60260-9d7cd147/goal_saver_frontend/node_modules/@babel/parser/lib/index.js:12076:14)
    at JSXParserMixin.parseArrayLike (/home/kavia/workspace/code-generation/goalsaver-60260-9d7cd147/goal_saver_frontend/node_modules/@babel/parser/lib/index.js:11992:26)
    at JSXParserMixin.parseExprAtom (/home/kavia/workspace/code-generation/goalsaver-60260-9d7cd147/goal_saver_frontend/node_modules/@babel/parser/lib/index.js:11266:23)
    at JSXParserMixin.parseExprAtom (/home/kavia/workspace/code-generation/goalsaver-60260-9d7cd147/goal_saver_frontend/node_modules/@babel/parser/lib/index.js:4776:20)
    at JSXParserMixin.parseExprSubscripts (/home/kavia/workspace/code-generation/goalsaver-60260-9d7cd147/goal_saver_frontend/node_modules/@babel/parser/lib/index.js:11012:23)
    at JSXParserMixin.parseUpdate (/home/kavia/workspace/code-generation/goalsaver-60260-9d7cd147/goal_saver_frontend/node_modules/@babel/parser/lib/index.js:10997:21)
    at JSXParserMixin.parseMaybeUnary (/home/kavia/workspace/code-generation/goalsaver-60260-9d7cd147/goal_saver_frontend/node_modules/@babel/parser/lib/index.js:10977:23)
    at JSXParserMixin.parseMaybeUnaryOrPrivate (/home/kavia/workspace/code-generation/goalsaver-60260-9d7cd147/goal_saver_frontend/node_modules/@babel/parser/lib/index.js:10830:61)
    at JSXParserMixin.parseExprOps (/home/kavia/workspace/code-generation/goalsaver-60260-9d7cd147/goal_saver_frontend/node_modules/@babel/parser/lib/index.js:10835:23)
    at JSXParserMixin.parseMaybeConditional (/home/kavia/workspace/code-generation/goalsaver-60260-9d7cd147/goal_saver_frontend/node_modules/@babel/parser/lib/index.js:10812:23)
    at JSXParserMixin.parseMaybeAssign (/home/kavia/workspace/code-generation/goalsaver-60260-9d7cd147/goal_saver_frontend/node_modules/@babel/parser/lib/index.js:10765:21)
    at JSXParserMixin.parseExpressionBase (/home/kavia/workspace/code-generation/goalsaver-60260-9d7cd147/goal_saver_frontend/node_modules/@babel/parser/lib/index.js:10718:23)
    at /home/kavia/workspace/code-generation/goalsaver-60260-9d7cd147/goal_saver_frontend/node_modules/@babel/parser/lib/index.js:10714:39
    at JSXParserMixin.allowInAnd (/home/kavia/workspace/code-generation/goalsaver-60260-9d7cd147/goal_saver_frontend/node_modules/@babel/parser/lib/index.js:12356:16)
    at JSXParserMixin.parseExpression (/home/kavia/workspace/code-generation/goalsaver-60260-9d7cd147/goal_saver_frontend/node_modules/@babel/parser/lib/index.js:10714:17)
    at JSXParserMixin.parseStatementContent (/home/kavia/workspace/code-generation/goalsaver-60260-9d7cd147/goal_saver_frontend/node_modules/@babel/parser/lib/index.js:12814:23)
    at JSXParserMixin.parseStatementLike (/home/kavia/workspace/code-generation/goalsaver-60260-9d7cd147/goal_saver_frontend/node_modules/@babel/parser/lib/index.js:12685:17)
    at JSXParserMixin.parseModuleItem (/home/kavia/workspace/code-generation/goalsaver-60260-9d7cd147/goal_saver_frontend/node_modules/@babel/parser/lib/index.js:12662:17)
    at JSXParserMixin.parseBlockOrModuleBlockBody (/home/kavia/workspace/code-generation/goalsaver-60260-9d7cd147/goal_saver_frontend/node_modules/@babel/parser/lib/index.js:13235:36)
    at JSXParserMixin.parseBlockBody (/home/kavia/workspace/code-generation/goalsaver-60260-9d7cd147/goal_saver_frontend/node_modules/@babel/parser/lib/index.js:13228:10)
    at JSXParserMixin.parseProgram (/home/kavia/workspace/code-generation/goalsaver-60260-9d7cd147/goal_saver_frontend/node_modules/@babel/parser/lib/index.js:12541:10)
    at JSXParserMixin.parseTopLevel (/home/kavia/workspace/code-generation/goalsaver-60260-9d7cd147/goal_saver_frontend/node_modules/@babel/parser/lib/index.js:12531:25)
    at JSXParserMixin.parse (/home/kavia/workspace/code-generation/goalsaver-60260-9d7cd147/goal_saver_frontend/node_modules/@babel/parser/lib/index.js:14410:10)
    at parse (/home/kavia/workspace/code-generation/goalsaver-60260-9d7cd147/goal_saver_frontend/node_modules/@babel/parser/lib/index.js:14444:38)
    at parser (/home/kavia/workspace/code-generation/goalsaver-60260-9d7cd147/goal_saver_frontend/node_modules/@babel/core/lib/parser/index.js:41:34)
    at parser.next (<anonymous>)
    at normalizeFile (/home/kavia/workspace/code-generation/goalsaver-60260-9d7cd147/goal_saver_frontend/node_modules/@babel/core/lib/transformation/normalize-file.js:64:37)
    at normalizeFile.next (<anonymous>)
    at run (/home/kavia/workspace/code-generation/goalsaver-60260-9d7cd147/goal_saver_frontend/node_modules/@babel/core/lib/transformation/index.js:22:50)
    at run.next (<anonymous>)
    at transform (/home/kavia/workspace/code-generation/goalsaver-60260-9d7cd147/goal_saver_frontend/node_modules/@babel/core/lib/transform.js:22:33)
    at transform.next (<anonymous>)
    at step (/home/kavia/workspace/code-generation/goalsaver-60260-9d7cd147/goal_saver_frontend/node_modules/gensync/index.js:261:32)
    at /home/kavia/workspace/code-generation/goalsaver-60260-9d7cd147/goal_saver_frontend/node_modules/gensync/index.js:273:13
    at async.call.result.err.err (/home/kavia/workspace/code-generation/goalsaver-60260-9d7cd147/goal_saver_frontend/node_modules/gensync/index.js:223:11)
    at process.processTicksAndRejections (node:internal/process/task_queues:95:5)
 @ ./src/App.js 3:0-38 10:27-37
 @ ./src/index.js 5:0-24 11:32-35

webpack 5.99.9 compiled with 1 error in 36 ms
assets by status 1.98 KiB [cached] 1 asset
assets by path *.js 1.4 MiB
  asset bundle.js 1.4 MiB [emitted] (name: main)
  asset main.02582b380e212405fda4.hot-update.js 2.79 KiB [emitted] [immutable] [hmr] (name: main)
asset main.02582b380e212405fda4.hot-update.json 28 bytes [emitted] [immutable] [hmr]
Entrypoint main 1.4 MiB = bundle.js 1.4 MiB main.02582b380e212405fda4.hot-update.js 2.79 KiB
cached modules 1.27 MiB [cached] 42 modules
runtime modules 27.5 KiB 14 modules
./src/GoalieMain.js 1.12 KiB [built] [code generated]

WARNING in ./src/App.js 10:27-37
export 'default' (imported as 'GoalieMain') was not found in './GoalieMain' (module has no exports)
 @ ./src/index.js 5:0-24 11:32-35

webpack 5.99.9 compiled with 1 warning in 40 ms
assets by status 1.98 KiB [cached] 1 asset
assets by path *.js 1.4 MiB
  asset bundle.js 1.4 MiB [emitted] (name: main)
  asset main.f24dc32d7cf9c18d2b8c.hot-update.js 3.16 KiB [emitted] [immutable] [hmr] (name: main)
asset main.f24dc32d7cf9c18d2b8c.hot-update.json 28 bytes [emitted] [immutable] [hmr]
Entrypoint main 1.4 MiB = bundle.js 1.4 MiB main.f24dc32d7cf9c18d2b8c.hot-update.js 3.16 KiB
cached modules 1.27 MiB [cached] 41 modules
runtime modules 27.5 KiB 14 modules
javascript modules 1.59 KiB
  ./src/App.js 322 bytes [code generated]
  ./src/GoalieMain.js 1.27 KiB [built] [code generated]
webpack 5.99.9 compiled successfully in 35 ms
assets by status 1.98 KiB [cached] 1 asset
assets by path *.js 1.4 MiB
  asset bundle.js 1.4 MiB [emitted] (name: main)
  asset main.ed5f606fcd6f4e27b3de.hot-update.js 2.87 KiB [emitted] [immutable] [hmr] (name: main)
asset main.ed5f606fcd6f4e27b3de.hot-update.json 28 bytes [emitted] [immutable] [hmr]
Entrypoint main 1.4 MiB = bundle.js 1.4 MiB main.ed5f606fcd6f4e27b3de.hot-update.js 2.87 KiB
cached modules 1.27 MiB [cached] 41 modules
runtime modules 27.5 KiB 14 modules
javascript modules 1.51 KiB
  ./src/App.js 322 bytes [code generated]
  ./src/GoalieMain.js 1.2 KiB [built] [code generated]

WARNING in ./src/App.js 10:27-37
export 'default' (imported as 'GoalieMain') was not found in './GoalieMain' (module has no exports)
 @ ./src/index.js 5:0-24 11:32-35

webpack 5.99.9 compiled with 1 warning in 29 ms
assets by status 1.98 KiB [cached] 1 asset
assets by path *.js 1.44 MiB
  asset bundle.js 1.42 MiB [emitted] (name: main)
  asset main.d512d41a9bf32c5c637e.hot-update.js 24.5 KiB [emitted] [immutable] [hmr] (name: main)
asset main.d512d41a9bf32c5c637e.hot-update.json 28 bytes [emitted] [immutable] [hmr]
Entrypoint main 1.44 MiB = bundle.js 1.42 MiB main.d512d41a9bf32c5c637e.hot-update.js 24.5 KiB
cached modules 1.27 MiB [cached] 41 modules
runtime modules 27.5 KiB 14 modules
javascript modules 19.7 KiB
  ./src/App.js 322 bytes [code generated]
  ./src/GoalieMain.js 19.4 KiB [built] [code generated]
webpack 5.99.9 compiled successfully in 164 ms
